BL51 BANKED LINKER/LOCATER V6.22                                                        07/22/2013  17:48:00  PAGE 1


BL51 BANKED LINKER/LOCATER V6.22, INVOKED BY:
C:\KEIL\C51\BIN\BL51.EXE test.obj TO test RAMSIZE (256) CODE (0X0000-0XFFFF)


MEMORY MODEL: LARGE


INPUT MODULES INCLUDED:
  test.obj (TEST)
  C:\KEIL\C51\LIB\C51L.LIB (?C_STARTUP)


LINK MAP OF MODULE:  test (TEST)


            TYPE    BASE      LENGTH    RELOCATION   SEGMENT NAME
            -----------------------------------------------------

            * * * * * * *   D A T A   M E M O R Y   * * * * * * *
            REG     0000H     0008H     ABSOLUTE     "REG BANK 0"
            IDATA   0008H     0001H     UNIT         ?STACK

            * * * * * * *  X D A T A   M E M O R Y  * * * * * * *
            XDATA   0000H     0002H     UNIT         _XDATA_GROUP_

            * * * * * * *   C O D E   M E M O R Y   * * * * * * *
            CODE    0000H     0003H     ABSOLUTE     
                    0003H     07FDH                  *** GAP ***
            CODE    0800H     0028H     UNIT         ?PR?MAIN?TEST
            CODE    0828H     0023H     UNIT         ?PR?INIT_LCD?TEST
            CODE    084BH     0020H     UNIT         ?PR?_DISPLAY?TEST
            CODE    086BH     0020H     UNIT         ?PR?_DELAY?TEST
            CODE    088BH     000CH     UNIT         ?PR?ENABLE?TEST
            CODE    0897H     000CH     UNIT         ?C_C51STARTUP



OVERLAY MAP OF MODULE:   test (TEST)


SEGMENT                          XDATA_GROUP
  +--> CALLED SEGMENT          START    LENGTH
----------------------------------------------
?C_C51STARTUP                  -----    -----
  +--> ?PR?MAIN?TEST

?PR?MAIN?TEST                  -----    -----
  +--> ?PR?INIT_LCD?TEST
  +--> ?PR?_DISPLAY?TEST

?PR?INIT_LCD?TEST              -----    -----
  +--> ?PR?_DELAY?TEST
  +--> ?PR?_DISPLAY?TEST

?PR?_DISPLAY?TEST              0000H    0002H
  +--> ?PR?_DELAY?TEST
  +--> ?PR?ENABLE?TEST

BL51 BANKED LINKER/LOCATER V6.22                                                      07/22/2013  17:48:00  PAGE 2


?PR?ENABLE?TEST                -----    -----
  +--> ?PR?_DELAY?TEST



SYMBOL TABLE OF MODULE:  test (TEST)

  VALUE           TYPE          NAME
  ----------------------------------

  -------         MODULE        TEST
  C:0000H         SYMBOL        _ICE_DUMMY_
  D:0090H         PUBLIC        P1
  D:00B0H         PUBLIC        P3
  D:00A8H         PUBLIC        IE
  C:086BH         PUBLIC        _delay
  D:00B8H         PUBLIC        IP
  D:00D8H         PUBLIC        CCON
  C:0800H         PUBLIC        main
  D:0098H         PUBLIC        SCON
  D:0088H         PUBLIC        TCON
  B:00B0H.7       PUBLIC        en
  B:00B0H.5       PUBLIC        rs
  D:00C8H         PUBLIC        T2CON
  B:00B0H.6       PUBLIC        rw
  C:088BH         PUBLIC        enable
  C:0828H         PUBLIC        init_LCD
  C:084BH         PUBLIC        _display
  D:00D0H         PUBLIC        PSW
  -------         PROC          MAIN
  C:0800H         LINE#         16
  C:0800H         LINE#         17
  C:0800H         LINE#         18
  C:0803H         LINE#         19
  C:080AH         LINE#         20
  C:0811H         LINE#         21
  C:0818H         LINE#         22
  C:081FH         LINE#         23
  C:0826H         LINE#         25
  -------         ENDPROC       MAIN
  -------         PROC          INIT_LCD
  C:0828H         LINE#         28
  C:0828H         LINE#         29
  C:0828H         LINE#         30
  C:082FH         LINE#         31
  C:0836H         LINE#         32
  C:083DH         LINE#         33
  C:0844H         LINE#         34
  -------         ENDPROC       INIT_LCD
  -------         PROC          _DISPLAY
  X:0000H         SYMBOL        signal
  X:0001H         SYMBOL        cmd_data
  C:084BH         LINE#         37
  C:0853H         LINE#         38
  C:0853H         LINE#         39
  C:085AH         LINE#         40
  C:0862H         LINE#         42
BL51 BANKED LINKER/LOCATER V6.22                                                      07/22/2013  17:48:00  PAGE 3


  C:0864H         LINE#         43
  C:0868H         LINE#         44
  -------         ENDPROC       _DISPLAY
  -------         PROC          ENABLE
  C:088BH         LINE#         47
  C:088BH         LINE#         48
  C:088BH         LINE#         49
  C:088DH         LINE#         50
  C:0894H         LINE#         51
  C:0896H         LINE#         53
  -------         ENDPROC       ENABLE
  -------         PROC          _DELAY
  D:0006H         SYMBOL        time
  -------         DO            
  D:0004H         SYMBOL        i
  D:0002H         SYMBOL        j
  -------         ENDDO         
  C:086BH         LINE#         55
  C:086BH         LINE#         56
  C:086BH         LINE#         58
  C:0875H         LINE#         59
  C:088AH         LINE#         60
  -------         ENDPROC       _DELAY
  -------         ENDMOD        TEST

******************************************************************************
* RESTRICTED VERSION WITH 0800H BYTE CODE SIZE LIMIT; USED: 0097H BYTE ( 7%) *
******************************************************************************

Program Size: data=9.0 xdata=2 code=166
LINK/LOCATE RUN COMPLETE.  0 WARNING(S),  0 ERROR(S)
